// Copyright <CURRENT_YEAR>

fn main() {
    println!("Hello, world!");
}
