// props["inceptionYear"]=2024
// props["copyrightOwner"]=Mike Delaney <dev@mldelaney.io>
//
// attrs.filename=main.rs
// attrs.git_file_created_year=2025
// attrs.git_file_modified_year=2025

fn main() {
    println!("Hello, world!");
}
